// Jest Snapshot v1, https://goo.gl/fbAQLP

exports[`HeaderCell should render 1`] = `
<div>
  <th
    class="table-head-title"
  >
    <button
      class="inline-item text-truncate-inline btn btn-unstyled"
      type="button"
    >
      <span
        class="text-truncate"
      >
        <p>
          children
        </p>
      </span>
      <span
        class="inline-item inline-item-after"
      >
        <svg
          class="icon-root lexicon-icon lexicon-icon-order-arrow-up"
          viewBox=""
        >
          <use
            xlink:href="/o/osb-faro-web/dist/sprite.svg#order-arrow-up"
          />
        </svg>
      </span>
    </button>
  </th>
</div>
`;
