// Jest Snapshot v1, https://goo.gl/fbAQLP

exports[`Loading should render 1`] = `
<div>
  <div
    class="loading-root"
  >
    <span
      aria-hidden="true"
      class="spinner-root spinner-fade-in loading-animation"
    />
  </div>
</div>
`;
